    2026-03-28 12:24:04,192 INFO Strategy initialized; waiting for hedge positions
    2026-03-28 12:24:04,448 INFO Startup positions fetch
    2026-03-28 12:24:04,448 INFO REST startup: active position symbol detected
    2026-03-28 12:24:04,448 INFO Fetching max leverage from instrument info
    2026-03-28 12:24:04,630 INFO Fetched max leverage
    2026-03-28 12:24:04,630 INFO Setting exchange leverage to max for ONTUSDT
    2026-03-28 12:24:04,630 INFO Submitting leverage update
    2026-03-28 12:24:04,814 WARNING Bybit POST /v5/position/set-leverage returned 110043 leverage not modified
    2026-03-28 12:24:04,814 INFO Leverage update finished
    2026-03-28 12:24:04,814 WARNING Setting max leverage failed
    2026-03-28 12:24:04,814 INFO Preparing exchange
    2026-03-28 12:24:04,814 INFO Ensuring hedge mode
    2026-03-28 12:24:04,998 WARNING Bybit POST /v5/position/switch-mode returned 110025 Position mode is not modified
    2026-03-28 12:24:04,998 INFO Hedge mode request finished
    2026-03-28 12:24:04,998 INFO Fetching max leverage from instrument info
    2026-03-28 12:24:04,998 INFO Fetched max leverage
    2026-03-28 12:24:04,998 INFO Setting exchange leverage to max for ONTUSDT
    2026-03-28 12:24:04,998 INFO Submitting leverage update
    2026-03-28 12:24:05,180 WARNING Bybit POST /v5/position/set-leverage returned 110043 leverage not modified
    2026-03-28 12:24:05,181 INFO Leverage update finished
    2026-03-28 12:24:05,181 WARNING Setting max leverage failed
    2026-03-28 12:24:05,551 WARNING Position mismatch resolved via sync
    2026-03-28 12:24:05,739 INFO Adjusted recovery low for active symbol
    2026-03-28 12:24:05,739 WARNING Hedge check skipped: missing or invalid price
    2026-03-28 12:24:05,739 INFO Hedge complete: setting exits first, then short-based rebuy
    2026-03-28 12:24:05,739 INFO HEDGE SNAPSHOT event=hedge_ready_cycle_arm symbol=ONTUSDT ref=0.06536000 long_size=1510.000000 short_size=1529.000000 long_avg=0.06621000 short_avg=0.06536000 spread_gap=0.00085000 spread_pct=0.012838 spread_pct_display=1.2838 hedge_ratio=1.012583
    2026-03-28 12:24:05,739 WARNING Skipping cycle exit order refresh: invalid break-even target
    2026-03-28 12:24:05,739 INFO [REBUY DEBUG] distance calc
    2026-03-28 12:24:05,739 INFO [REBUY DEBUG] staging resting rebuy limit
    2026-03-28 12:24:05,739 INFO Preparing short-anchored rebuy limit below market
    2026-03-28 12:24:05,739 INFO [REBUY DEBUG] slippage_check current_price=0.065360 next_rebuy_level=0.065033 slippage=0.000000 slippage_pct=0.0000% max_slippage_pct=0.020000 forced_rebuy=False slippage_ok=True
    2026-03-28 12:24:05,739 INFO [REBUY DEBUG] size calc
    2026-03-28 12:24:05,739 INFO Order qty normalized
    2026-03-28 12:24:05,739 INFO Submitting short-anchored rebuy limit
    2026-03-28 12:24:05,739 INFO TRACE EXECUTE
    2026-03-28 12:24:05,739 INFO [EXEC DEBUG] execute_intent_called tick=None purpose=LONG_REBUY_HEDGE side=long qty=384.000000000000 price=0.0650332 state=normal
    2026-03-28 12:24:05,925 INFO ORDER OBSERVABILITY
    2026-03-28 12:24:06,111 INFO ORDER OBSERVABILITY
    2026-03-28 12:24:06,111 INFO [EXEC DEBUG] limit_submit_prepared purpose=LONG_REBUY_HEDGE side=long qty=384.000000000000 requested_price=0.0650332 submit_price=0.0650332
    2026-03-28 12:24:06,111 INFO [EXEC DEBUG] place_order_called tick=None side=long purpose=LONG_REBUY_HEDGE raw_size=384.000000000000 price=0.0650332
    2026-03-28 12:24:06,111 INFO [EXEC DEBUG] active_intent_check side=long purpose=LONG_REBUY_HEDGE size=384.000000000000 price=0.0650332 has_active_intent=False active_orders=[]
    2026-03-28 12:24:06,111 INFO [EXEC DEBUG] submitted_orders_check tracking_key=('long', 384.0, 'LONG_REBUY_HEDGE') already_submitted=False submitted_orders=[]
    2026-03-28 12:24:06,111 INFO [EXEC DEBUG] submitted_orders_add tracking_key=('long', 384.0, 'LONG_REBUY_HEDGE') submitted_orders_after=[('long', 384.0, 'LONG_REBUY_HEDGE')]
    2026-03-28 12:24:06,111 INFO [EXEC DEBUG] active_order_created client_id=psrh-LONG-REBUY-HEDGE-c46d04-1774697046111 tracking_key=('long', 384.0, 'LONG_REBUY_HEDGE') status=PENDING_SUBMIT active_orders=['psrh-LONG-REBUY-HEDGE-c46d04-1774697046111:LONG_REBUY_HEDGE:long:PENDING_SUBMIT:384.0']
    2026-03-28 12:24:06,111 INFO Order created
    2026-03-28 12:24:06,111 INFO [EXEC DEBUG] place_limit_order_payload client_id=psrh-LONG-REBUY-HEDGE-c46d04-1774697046111 side=Buy qty=384.0 price=0.0650332 symbol=ONTUSDT tracking_key=('long', 384.0, 'LONG_REBUY_HEDGE')
    2026-03-28 12:24:06,307 INFO [EXEC DEBUG] place_limit_order_result client_id=psrh-LONG-REBUY-HEDGE-c46d04-1774697046111 response_ok=True exchange_id=e68b0c9a-e386-4d32-bdcc-22caac56a637
    2026-03-28 12:24:06,492 INFO ORDER VERIFIED
    2026-03-28 12:24:06,492 INFO [EXEC DEBUG] verify_order_result client_id=psrh-LONG-REBUY-HEDGE-c46d04-1774697046111 verified=True active_orders=['psrh-LONG-REBUY-HEDGE-c46d04-1774697046111:LONG_REBUY_HEDGE:long:OPEN:384.0'] submitted_orders=[('long', 384.0, 'LONG_REBUY_HEDGE')]
    2026-03-28 12:24:06,678 INFO ORDER OBSERVABILITY
    2026-03-28 12:24:06,678 INFO [EXEC DEBUG] decision=EXECUTE path=limit_order
    2026-03-28 12:24:06,678 INFO DCA long order submitted
    2026-03-28 12:24:06,678 INFO REST startup: both positions detected → strategy started
    2026-03-28 12:24:47,431 INFO ORDER HISTORY RESOLVED
    2026-03-28 12:24:47,431 INFO [EXEC DEBUG] submitted_orders_remove client_id=psrh-LONG-REBUY-HEDGE-c46d04-1774697046111 key=('long', 384.0, 'LONG_REBUY_HEDGE') side=long qty=384.000000000000 purpose=LONG_REBUY_HEDGE reason=mark_order_filled submitted_orders_after=[]
    2026-03-28 12:24:47,431 INFO ORDER FILL CONFIRMED
    2026-03-28 12:24:47,617 INFO HEDGE SNAPSHOT event=post_long_rebuy_fill_before_short_add symbol=ONTUSDT ref=0.06503320 long_size=1894.000000 short_size=1529.000000 long_avg=0.06597076 short_avg=0.06536000 spread_gap=0.00061076 spread_pct=0.009258 spread_pct_display=0.9258 hedge_ratio=0.807286
    2026-03-28 12:24:47,617 INFO [SHORT ADD DEBUG] skip: current short already at/above target
    2026-03-28 12:24:47,617 INFO HEDGE SNAPSHOT event=post_short_rebalance_fill symbol=ONTUSDT ref=0.06503320 long_size=1894.000000 short_size=1529.000000 long_avg=0.06597076 short_avg=0.06536000 spread_gap=0.00061076 spread_pct=0.009258 spread_pct_display=0.9258 hedge_ratio=0.807286
    2026-03-28 12:24:47,617 INFO SPREAD CYCLE UPDATE before_short_add_pct=0.009258 after_short_add_pct=0.009258 after_short_add_pct_display=0.9258 reduction_pct=0.000000 reduction_pct_display=0.0000
    2026-03-28 12:24:47,617 INFO Short rebalance filled: setting next rebuy first, then refreshing exits
    2026-03-28 12:24:47,618 INFO [REBUY DEBUG] distance calc
    2026-03-28 12:24:47,618 INFO [REBUY DEBUG] staging resting rebuy limit
    2026-03-28 12:24:47,618 INFO Preparing short-anchored rebuy limit below market
    2026-03-28 12:24:47,618 INFO [REBUY DEBUG] slippage_check current_price=0.065033 next_rebuy_level=0.065033 slippage=0.000000 slippage_pct=0.0000% max_slippage_pct=0.020000 forced_rebuy=False slippage_ok=True
    2026-03-28 12:24:47,618 INFO [REBUY DEBUG] size calc
    2026-03-28 12:24:47,618 INFO Order qty normalized
    2026-03-28 12:24:47,618 INFO Submitting short-anchored rebuy limit
    2026-03-28 12:24:47,618 INFO TRACE EXECUTE
    2026-03-28 12:24:47,618 INFO [EXEC DEBUG] execute_intent_called tick=None purpose=LONG_REBUY_HEDGE side=long qty=480.000000000000 price=0.0650332 state=normal
    2026-03-28 12:24:47,804 INFO ORDER OBSERVABILITY
    2026-03-28 12:24:47,990 INFO ORDER OBSERVABILITY
    2026-03-28 12:24:47,990 INFO [EXEC DEBUG] limit_submit_prepared purpose=LONG_REBUY_HEDGE side=long qty=480.000000000000 requested_price=0.0650332 submit_price=0.0650332
    2026-03-28 12:24:47,990 INFO [EXEC DEBUG] place_order_called tick=None side=long purpose=LONG_REBUY_HEDGE raw_size=480.000000000000 price=0.0650332
    2026-03-28 12:24:47,990 INFO [EXEC DEBUG] active_intent_check side=long purpose=LONG_REBUY_HEDGE size=480.000000000000 price=0.0650332 has_active_intent=False active_orders=['psrh-LONG-REBUY-HEDGE-c46d04-1774697046111:LONG_REBUY_HEDGE:long:FILLED:384.0']
    2026-03-28 12:24:47,990 INFO [EXEC DEBUG] submitted_orders_check tracking_key=('long', 480.0, 'LONG_REBUY_HEDGE') already_submitted=False submitted_orders=[]
    2026-03-28 12:24:47,990 INFO [EXEC DEBUG] submitted_orders_add tracking_key=('long', 480.0, 'LONG_REBUY_HEDGE') submitted_orders_after=[('long', 480.0, 'LONG_REBUY_HEDGE')]
    2026-03-28 12:24:47,990 INFO [EXEC DEBUG] active_order_created client_id=psrh-LONG-REBUY-HEDGE-277b92-1774697087990 tracking_key=('long', 480.0, 'LONG_REBUY_HEDGE') status=PENDING_SUBMIT active_orders=['psrh-LONG-REBUY-HEDGE-c46d04-1774697046111:LONG_REBUY_HEDGE:long:FILLED:384.0', 'psrh-LONG-REBUY-HEDGE-277b92-1774697087990:LONG_REBUY_HEDGE:long:PENDING_SUBMIT:480.0']
    2026-03-28 12:24:47,990 INFO Order created
    2026-03-28 12:24:47,990 INFO [EXEC DEBUG] place_limit_order_payload client_id=psrh-LONG-REBUY-HEDGE-277b92-1774697087990 side=Buy qty=480.0 price=0.0650332 symbol=ONTUSDT tracking_key=('long', 480.0, 'LONG_REBUY_HEDGE')
    2026-03-28 12:24:48,187 INFO [EXEC DEBUG] place_limit_order_result client_id=psrh-LONG-REBUY-HEDGE-277b92-1774697087990 response_ok=True exchange_id=6f88d750-a752-4722-b847-09dcd5b971ea
    2026-03-28 12:24:48,372 INFO ORDER VERIFIED
    2026-03-28 12:24:48,372 INFO [EXEC DEBUG] verify_order_result client_id=psrh-LONG-REBUY-HEDGE-277b92-1774697087990 verified=True active_orders=['psrh-LONG-REBUY-HEDGE-c46d04-1774697046111:LONG_REBUY_HEDGE:long:FILLED:384.0', 'psrh-LONG-REBUY-HEDGE-277b92-1774697087990:LONG_REBUY_HEDGE:long:OPEN:480.0'] submitted_orders=[('long', 480.0, 'LONG_REBUY_HEDGE')]
    2026-03-28 12:24:48,557 INFO ORDER OBSERVABILITY
    2026-03-28 12:24:48,558 INFO [EXEC DEBUG] decision=EXECUTE path=limit_order
    2026-03-28 12:24:48,558 INFO DCA long order submitted
    2026-03-28 12:24:48,558 INFO Recalculated post-rebuy exit target
    2026-03-28 12:24:48,558 INFO Refreshing exit orders: clearing previous TP/SL before re-placing
    2026-03-28 12:24:48,740 WARNING Bybit POST /v5/position/trading-stop returned 10001 StopLoss, TakeProfit or TrailingStop need
    2026-03-28 12:24:48,923 WARNING Bybit POST /v5/position/trading-stop returned 10001 StopLoss, TakeProfit or TrailingStop need
    2026-03-28 12:24:48,923 INFO Exit clear requests finished
    2026-03-28 12:24:49,288 INFO Cycle profit exit orders refreshed
    2026-03-28 12:24:49,288 INFO [EXEC DEBUG] submitted_orders_remove client_id=psrh-LONG-REBUY-HEDGE-c46d04-1774697046111 key=('long', 384.0, 'LONG_REBUY_HEDGE') side=long qty=384.000000000000 purpose=LONG_REBUY_HEDGE reason=handle_order_finalized status=FILLED_HANDLED submitted_orders_after=[('long', 480.0, 'LONG_REBUY_HEDGE')]
    2026-03-28 12:24:49,288 INFO POSITION UPDATED AFTER FILL
    2026-03-28 12:29:05,759 INFO Shutdown requested, exiting.
    2026-03-28 12:29:08,398 INFO Strategy initialized; waiting for hedge positions
    2026-03-28 12:29:08,649 INFO Startup positions fetch
    2026-03-28 12:29:08,649 INFO REST startup: active position symbol detected
    2026-03-28 12:29:08,649 INFO Fetching max leverage from instrument info
    2026-03-28 12:29:08,843 INFO Fetched max leverage
    2026-03-28 12:29:08,843 INFO Setting exchange leverage to max for ONTUSDT
    2026-03-28 12:29:08,843 INFO Submitting leverage update
    2026-03-28 12:29:09,026 WARNING Bybit POST /v5/position/set-leverage returned 110043 leverage not modified
    2026-03-28 12:29:09,026 INFO Leverage update finished
    2026-03-28 12:29:09,026 WARNING Setting max leverage failed
    2026-03-28 12:29:09,026 INFO Preparing exchange
    2026-03-28 12:29:09,026 INFO Ensuring hedge mode
    2026-03-28 12:29:09,210 WARNING Bybit POST /v5/position/switch-mode returned 110025 Position mode is not modified
    2026-03-28 12:29:09,210 INFO Hedge mode request finished
    2026-03-28 12:29:09,210 INFO Fetching max leverage from instrument info
    2026-03-28 12:29:09,210 INFO Fetched max leverage
    2026-03-28 12:29:09,210 INFO Setting exchange leverage to max for ONTUSDT
    2026-03-28 12:29:09,210 INFO Submitting leverage update
    2026-03-28 12:29:09,394 WARNING Bybit POST /v5/position/set-leverage returned 110043 leverage not modified
    2026-03-28 12:29:09,394 INFO Leverage update finished
    2026-03-28 12:29:09,394 WARNING Setting max leverage failed
    2026-03-28 12:29:09,763 WARNING Position mismatch resolved via sync
    2026-03-28 12:29:09,949 INFO Adjusted recovery low for active symbol
    2026-03-28 12:29:09,950 WARNING Hedge check skipped: missing or invalid price
    2026-03-28 12:29:09,950 INFO Hedge complete: setting exits first, then short-based rebuy
    2026-03-28 12:29:09,950 INFO HEDGE SNAPSHOT event=hedge_ready_cycle_arm symbol=ONTUSDT ref=0.06536000 long_size=1894.000000 short_size=1529.000000 long_avg=0.06597076 short_avg=0.06536000 spread_gap=0.00061076 spread_pct=0.009258 spread_pct_display=0.9258 hedge_ratio=0.807286
    2026-03-28 12:29:09,950 INFO Recalculated post-rebuy exit target
    2026-03-28 12:29:09,950 INFO Refreshing exit orders: clearing previous TP/SL before re-placing
    2026-03-28 12:29:10,132 WARNING Bybit POST /v5/position/trading-stop returned 10001 StopLoss, TakeProfit or TrailingStop need
    2026-03-28 12:29:10,315 WARNING Bybit POST /v5/position/trading-stop returned 10001 StopLoss, TakeProfit or TrailingStop need
    2026-03-28 12:29:10,315 INFO Exit clear requests finished
    2026-03-28 12:29:10,679 INFO Cycle profit exit orders refreshed
    2026-03-28 12:29:10,679 INFO [REBUY DEBUG] distance calc
    2026-03-28 12:29:10,679 INFO [REBUY DEBUG] staging resting rebuy limit
    2026-03-28 12:29:10,679 INFO Preparing short-anchored rebuy limit below market
    2026-03-28 12:29:10,680 INFO [REBUY DEBUG] slippage_check current_price=0.065360 next_rebuy_level=0.065033 slippage=0.000000 slippage_pct=0.0000% max_slippage_pct=0.020000 forced_rebuy=False slippage_ok=True
    2026-03-28 12:29:10,680 INFO [REBUY DEBUG] size calc
    2026-03-28 12:29:10,680 INFO Order qty normalized
    2026-03-28 12:29:10,680 INFO Submitting short-anchored rebuy limit
    2026-03-28 12:29:10,680 INFO TRACE EXECUTE
    2026-03-28 12:29:10,680 INFO [EXEC DEBUG] execute_intent_called tick=None purpose=LONG_REBUY_HEDGE side=long qty=480.000000000000 price=0.0650332 state=normal
    2026-03-28 12:29:10,866 INFO ORDER OBSERVABILITY
    2026-03-28 12:29:11,058 INFO ORDER OBSERVABILITY
    2026-03-28 12:29:11,058 INFO [EXEC DEBUG] limit_submit_prepared purpose=LONG_REBUY_HEDGE side=long qty=480.000000000000 requested_price=0.0650332 submit_price=0.0650332
    2026-03-28 12:29:11,058 INFO [EXEC DEBUG] place_order_called tick=None side=long purpose=LONG_REBUY_HEDGE raw_size=480.000000000000 price=0.0650332
    2026-03-28 12:29:11,058 INFO [EXEC DEBUG] active_intent_check side=long purpose=LONG_REBUY_HEDGE size=480.000000000000 price=0.0650332 has_active_intent=False active_orders=[]
    2026-03-28 12:29:11,058 INFO [EXEC DEBUG] submitted_orders_check tracking_key=('long', 480.0, 'LONG_REBUY_HEDGE') already_submitted=False submitted_orders=[]
    2026-03-28 12:29:11,058 INFO [EXEC DEBUG] submitted_orders_add tracking_key=('long', 480.0, 'LONG_REBUY_HEDGE') submitted_orders_after=[('long', 480.0, 'LONG_REBUY_HEDGE')]
    2026-03-28 12:29:11,058 INFO [EXEC DEBUG] active_order_created client_id=psrh-LONG-REBUY-HEDGE-859914-1774697351058 tracking_key=('long', 480.0, 'LONG_REBUY_HEDGE') status=PENDING_SUBMIT active_orders=['psrh-LONG-REBUY-HEDGE-859914-1774697351058:LONG_REBUY_HEDGE:long:PENDING_SUBMIT:480.0']
    2026-03-28 12:29:11,058 INFO Order created
    2026-03-28 12:29:11,058 INFO [EXEC DEBUG] place_limit_order_payload client_id=psrh-LONG-REBUY-HEDGE-859914-1774697351058 side=Buy qty=480.0 price=0.0650332 symbol=ONTUSDT tracking_key=('long', 480.0, 'LONG_REBUY_HEDGE')
    2026-03-28 12:29:11,240 INFO [EXEC DEBUG] place_limit_order_result client_id=psrh-LONG-REBUY-HEDGE-859914-1774697351058 response_ok=True exchange_id=63b26dcc-10e5-4943-9515-351b23c20832
    2026-03-28 12:29:11,424 INFO ORDER VERIFIED
    2026-03-28 12:29:11,424 INFO [EXEC DEBUG] verify_order_result client_id=psrh-LONG-REBUY-HEDGE-859914-1774697351058 verified=True active_orders=['psrh-LONG-REBUY-HEDGE-859914-1774697351058:LONG_REBUY_HEDGE:long:OPEN:480.0'] submitted_orders=[('long', 480.0, 'LONG_REBUY_HEDGE')]
    2026-03-28 12:29:11,611 INFO ORDER OBSERVABILITY
    2026-03-28 12:29:11,611 INFO [EXEC DEBUG] decision=EXECUTE path=limit_order
    2026-03-28 12:29:11,611 INFO DCA long order submitted
    2026-03-28 12:29:11,611 INFO REST startup: both positions detected → strategy started
    2026-03-28 12:32:39,870 INFO Strategy initialized; waiting for hedge positions
    2026-03-28 12:32:40,128 INFO Startup positions fetch
    2026-03-28 12:32:40,128 INFO REST startup: active position symbol detected
    2026-03-28 12:32:40,128 INFO Fetching max leverage from instrument info
    2026-03-28 12:32:40,310 INFO Fetched max leverage
    2026-03-28 12:32:40,310 INFO Setting exchange leverage to max for ONTUSDT
    2026-03-28 12:32:40,310 INFO Submitting leverage update
    2026-03-28 12:32:40,493 WARNING Bybit POST /v5/position/set-leverage returned 110043 leverage not modified
    2026-03-28 12:32:40,493 INFO Leverage update finished
    2026-03-28 12:32:40,493 WARNING Setting max leverage failed
    2026-03-28 12:32:40,493 INFO Preparing exchange
    2026-03-28 12:32:40,493 INFO Ensuring hedge mode
    2026-03-28 12:32:40,675 WARNING Bybit POST /v5/position/switch-mode returned 110025 Position mode is not modified
    2026-03-28 12:32:40,675 INFO Hedge mode request finished
    2026-03-28 12:32:40,675 INFO Fetching max leverage from instrument info
    2026-03-28 12:32:40,675 INFO Fetched max leverage
    2026-03-28 12:32:40,675 INFO Setting exchange leverage to max for ONTUSDT
    2026-03-28 12:32:40,675 INFO Submitting leverage update
    2026-03-28 12:32:40,858 WARNING Bybit POST /v5/position/set-leverage returned 110043 leverage not modified
    2026-03-28 12:32:40,858 INFO Leverage update finished
    2026-03-28 12:32:40,858 WARNING Setting max leverage failed
    2026-03-28 12:32:41,229 WARNING Position mismatch resolved via sync
    2026-03-28 12:32:41,414 INFO Adjusted recovery low for active symbol
    2026-03-28 12:32:41,414 WARNING Hedge check skipped: missing or invalid price
    2026-03-28 12:32:41,414 INFO Hedge complete: setting exits first, then short-based rebuy
    2026-03-28 12:32:41,414 INFO HEDGE SNAPSHOT event=hedge_ready_cycle_arm symbol=ONTUSDT ref=0.06536000 long_size=1894.000000 short_size=1529.000000 long_avg=0.06597076 short_avg=0.06536000 spread_gap=0.00061076 spread_pct=0.009258 spread_pct_display=0.9258 hedge_ratio=0.807286
    2026-03-28 12:32:41,414 INFO Recalculated post-rebuy exit target
    2026-03-28 12:32:41,414 INFO Refreshing exit orders: clearing previous TP/SL before re-placing
    2026-03-28 12:32:41,595 WARNING Bybit POST /v5/position/trading-stop returned 10001 StopLoss, TakeProfit or TrailingStop need
    2026-03-28 12:32:41,778 WARNING Bybit POST /v5/position/trading-stop returned 10001 StopLoss, TakeProfit or TrailingStop need
    2026-03-28 12:32:41,778 INFO Exit clear requests finished
    2026-03-28 12:32:42,154 INFO Cycle profit exit orders refreshed
    2026-03-28 12:32:42,154 INFO [REBUY DEBUG] distance calc
    2026-03-28 12:32:42,154 INFO [REBUY DEBUG] staging resting rebuy limit
    2026-03-28 12:32:42,154 INFO Preparing short-anchored rebuy limit below market
    2026-03-28 12:32:42,154 INFO [REBUY DEBUG] slippage_check current_price=0.065360 next_rebuy_level=0.065033 slippage=0.000000 slippage_pct=0.0000% max_slippage_pct=0.020000 forced_rebuy=False slippage_ok=True
    2026-03-28 12:32:42,154 INFO [REBUY DEBUG] size calc
    2026-03-28 12:32:42,154 INFO Order qty normalized
    2026-03-28 12:32:42,154 INFO Submitting short-anchored rebuy limit
    2026-03-28 12:32:42,154 INFO TRACE EXECUTE
    2026-03-28 12:32:42,154 INFO [EXEC DEBUG] execute_intent_called tick=None purpose=LONG_REBUY_HEDGE side=long qty=480.000000000000 price=0.0650332 state=normal
    2026-03-28 12:32:42,339 INFO ORDER OBSERVABILITY
    2026-03-28 12:32:42,524 INFO ORDER OBSERVABILITY
    2026-03-28 12:32:42,524 INFO [EXEC DEBUG] limit_submit_prepared purpose=LONG_REBUY_HEDGE side=long qty=480.000000000000 requested_price=0.0650332 submit_price=0.0650332
    2026-03-28 12:32:42,524 INFO [EXEC DEBUG] place_order_called tick=None side=long purpose=LONG_REBUY_HEDGE raw_size=480.000000000000 price=0.0650332
    2026-03-28 12:32:42,524 INFO [EXEC DEBUG] active_intent_check side=long purpose=LONG_REBUY_HEDGE size=480.000000000000 price=0.0650332 has_active_intent=False active_orders=[]
    2026-03-28 12:32:42,524 INFO [EXEC DEBUG] submitted_orders_check tracking_key=('long', 480.0, 'LONG_REBUY_HEDGE') already_submitted=False submitted_orders=[]
    2026-03-28 12:32:42,524 INFO [EXEC DEBUG] submitted_orders_add tracking_key=('long', 480.0, 'LONG_REBUY_HEDGE') submitted_orders_after=[('long', 480.0, 'LONG_REBUY_HEDGE')]
    2026-03-28 12:32:42,524 INFO [EXEC DEBUG] active_order_created client_id=psrh-LONG-REBUY-HEDGE-4227e6-1774697562524 tracking_key=('long', 480.0, 'LONG_REBUY_HEDGE') status=PENDING_SUBMIT active_orders=['psrh-LONG-REBUY-HEDGE-4227e6-1774697562524:LONG_REBUY_HEDGE:long:PENDING_SUBMIT:480.0']
    2026-03-28 12:32:42,524 INFO Order created
    2026-03-28 12:32:42,524 INFO [EXEC DEBUG] place_limit_order_payload client_id=psrh-LONG-REBUY-HEDGE-4227e6-1774697562524 side=Buy qty=480.0 price=0.0650332 symbol=ONTUSDT tracking_key=('long', 480.0, 'LONG_REBUY_HEDGE')
    2026-03-28 12:32:42,707 INFO [EXEC DEBUG] place_limit_order_result client_id=psrh-LONG-REBUY-HEDGE-4227e6-1774697562524 response_ok=True exchange_id=81bbb7e5-6cba-466f-8bbe-13f705713e87
    2026-03-28 12:32:42,890 INFO ORDER VERIFIED
    2026-03-28 12:32:42,890 INFO [EXEC DEBUG] verify_order_result client_id=psrh-LONG-REBUY-HEDGE-4227e6-1774697562524 verified=True active_orders=['psrh-LONG-REBUY-HEDGE-4227e6-1774697562524:LONG_REBUY_HEDGE:long:OPEN:480.0'] submitted_orders=[('long', 480.0, 'LONG_REBUY_HEDGE')]
    2026-03-28 12:32:43,075 INFO ORDER OBSERVABILITY
    2026-03-28 12:32:43,075 INFO [EXEC DEBUG] decision=EXECUTE path=limit_order
    2026-03-28 12:32:43,075 INFO DCA long order submitted
    2026-03-28 12:32:43,075 INFO REST startup: both positions detected → strategy started
    2026-03-28 12:34:55,595 INFO Shutdown requested, exiting.
    2026-03-28 12:35:05,444 INFO Strategy initialized; waiting for hedge positions
    2026-03-28 12:35:05,696 INFO Startup positions fetch
    2026-03-28 12:35:05,696 INFO REST startup: active position symbol detected
    2026-03-28 12:35:05,696 INFO Fetching max leverage from instrument info
    2026-03-28 12:35:05,877 INFO Fetched max leverage
    2026-03-28 12:35:05,877 INFO Setting exchange leverage to max for ONTUSDT
    2026-03-28 12:35:05,877 INFO Submitting leverage update
    2026-03-28 12:35:06,061 WARNING Bybit POST /v5/position/set-leverage returned 110043 leverage not modified
    2026-03-28 12:35:06,061 INFO Leverage update finished
    2026-03-28 12:35:06,061 WARNING Setting max leverage failed
    2026-03-28 12:35:06,061 INFO Preparing exchange
    2026-03-28 12:35:06,061 INFO Ensuring hedge mode
    2026-03-28 12:35:06,244 WARNING Bybit POST /v5/position/switch-mode returned 110025 Position mode is not modified
    2026-03-28 12:35:06,244 INFO Hedge mode request finished
    2026-03-28 12:35:06,244 INFO Fetching max leverage from instrument info
    2026-03-28 12:35:06,244 INFO Fetched max leverage
    2026-03-28 12:35:06,244 INFO Setting exchange leverage to max for ONTUSDT
    2026-03-28 12:35:06,244 INFO Submitting leverage update
    2026-03-28 12:35:06,427 WARNING Bybit POST /v5/position/set-leverage returned 110043 leverage not modified
    2026-03-28 12:35:06,427 INFO Leverage update finished
    2026-03-28 12:35:06,427 WARNING Setting max leverage failed
    2026-03-28 12:35:06,798 WARNING Position mismatch resolved via sync
    2026-03-28 12:35:06,984 INFO Adjusted recovery low for active symbol
    2026-03-28 12:35:06,984 WARNING Hedge check skipped: missing or invalid price
    2026-03-28 12:35:06,984 INFO Hedge complete: setting exits first, then short-based rebuy
    2026-03-28 12:35:06,984 INFO HEDGE SNAPSHOT event=hedge_ready_cycle_arm symbol=ONTUSDT ref=0.06536000 long_size=1894.000000 short_size=1529.000000 long_avg=0.06597076 short_avg=0.06536000 spread_gap=0.00061076 spread_pct=0.009258 spread_pct_display=0.9258 hedge_ratio=0.807286
    2026-03-28 12:35:06,984 INFO Recalculated post-rebuy exit target
    2026-03-28 12:35:06,984 INFO Refreshing exit orders: clearing previous TP/SL before re-placing
    2026-03-28 12:35:07,168 WARNING Bybit POST /v5/position/trading-stop returned 10001 StopLoss, TakeProfit or TrailingStop need
    2026-03-28 12:35:07,350 WARNING Bybit POST /v5/position/trading-stop returned 10001 StopLoss, TakeProfit or TrailingStop need
    2026-03-28 12:35:07,350 INFO Exit clear requests finished
    2026-03-28 12:35:07,716 INFO Cycle profit exit orders refreshed
    2026-03-28 12:35:07,716 INFO [REBUY DEBUG] distance calc
    2026-03-28 12:35:07,716 INFO [REBUY DEBUG] staging resting rebuy limit
    2026-03-28 12:35:07,716 INFO Preparing short-anchored rebuy limit below market
    2026-03-28 12:35:07,716 INFO [REBUY DEBUG] slippage_check current_price=0.065360 next_rebuy_level=0.065033 slippage=0.000000 slippage_pct=0.0000% max_slippage_pct=0.020000 forced_rebuy=False slippage_ok=True
    2026-03-28 12:35:07,716 INFO [REBUY DEBUG] size calc
    2026-03-28 12:35:07,716 INFO Order qty normalized
    2026-03-28 12:35:07,716 INFO Submitting short-anchored rebuy limit
    2026-03-28 12:35:07,716 INFO TRACE EXECUTE
    2026-03-28 12:35:07,716 INFO [EXEC DEBUG] execute_intent_called tick=None purpose=LONG_REBUY_HEDGE side=long qty=480.000000000000 price=0.0650332 state=normal
    2026-03-28 12:35:07,902 INFO ORDER OBSERVABILITY
    2026-03-28 12:35:08,089 INFO ORDER OBSERVABILITY
    2026-03-28 12:35:08,089 INFO [EXEC DEBUG] limit_submit_prepared purpose=LONG_REBUY_HEDGE side=long qty=480.000000000000 requested_price=0.0650332 submit_price=0.0650332
    2026-03-28 12:35:08,089 INFO [EXEC DEBUG] place_order_called tick=None side=long purpose=LONG_REBUY_HEDGE raw_size=480.000000000000 price=0.0650332
    2026-03-28 12:35:08,089 INFO [EXEC DEBUG] active_intent_check side=long purpose=LONG_REBUY_HEDGE size=480.000000000000 price=0.0650332 has_active_intent=False active_orders=[]
    2026-03-28 12:35:08,089 INFO [EXEC DEBUG] submitted_orders_check tracking_key=('long', 480.0, 'LONG_REBUY_HEDGE') already_submitted=False submitted_orders=[]
    2026-03-28 12:35:08,089 INFO [EXEC DEBUG] submitted_orders_add tracking_key=('long', 480.0, 'LONG_REBUY_HEDGE') submitted_orders_after=[('long', 480.0, 'LONG_REBUY_HEDGE')]
    2026-03-28 12:35:08,089 INFO [EXEC DEBUG] active_order_created client_id=psrh-LONG-REBUY-HEDGE-154d6e-1774697708089 tracking_key=('long', 480.0, 'LONG_REBUY_HEDGE') status=PENDING_SUBMIT active_orders=['psrh-LONG-REBUY-HEDGE-154d6e-1774697708089:LONG_REBUY_HEDGE:long:PENDING_SUBMIT:480.0']
    2026-03-28 12:35:08,089 INFO Order created
    2026-03-28 12:35:08,089 INFO [EXEC DEBUG] place_limit_order_payload client_id=psrh-LONG-REBUY-HEDGE-154d6e-1774697708089 side=Buy qty=480.0 price=0.0650332 symbol=ONTUSDT tracking_key=('long', 480.0, 'LONG_REBUY_HEDGE')
    2026-03-28 12:35:08,285 INFO [EXEC DEBUG] place_limit_order_result client_id=psrh-LONG-REBUY-HEDGE-154d6e-1774697708089 response_ok=True exchange_id=3e8087bf-b241-42ef-b847-72a6df74ab4f
    2026-03-28 12:35:08,469 INFO ORDER VERIFIED
    2026-03-28 12:35:08,469 INFO [EXEC DEBUG] verify_order_result client_id=psrh-LONG-REBUY-HEDGE-154d6e-1774697708089 verified=True active_orders=['psrh-LONG-REBUY-HEDGE-154d6e-1774697708089:LONG_REBUY_HEDGE:long:OPEN:480.0'] submitted_orders=[('long', 480.0, 'LONG_REBUY_HEDGE')]
    2026-03-28 12:35:08,655 INFO ORDER OBSERVABILITY
    2026-03-28 12:35:08,655 INFO [EXEC DEBUG] decision=EXECUTE path=limit_order
    2026-03-28 12:35:08,655 INFO DCA long order submitted
    2026-03-28 12:35:08,656 INFO REST startup: both positions detected → strategy started
    2026-03-28 12:37:37,828 INFO ORDER HISTORY RESOLVED
    2026-03-28 12:37:37,828 INFO [EXEC DEBUG] submitted_orders_remove client_id=psrh-LONG-REBUY-HEDGE-154d6e-1774697708089 key=('long', 480.0, 'LONG_REBUY_HEDGE') side=long qty=480.000000000000 purpose=LONG_REBUY_HEDGE reason=mark_order_filled submitted_orders_after=[]
    2026-03-28 12:37:37,828 INFO ORDER FILL CONFIRMED
    2026-03-28 12:37:38,013 INFO HEDGE SNAPSHOT event=post_long_rebuy_fill_before_short_add symbol=ONTUSDT ref=0.06503320 long_size=2374.000000 short_size=1529.000000 long_avg=0.06571585 short_avg=0.06536000 spread_gap=0.00035585 spread_pct=0.005415 spread_pct_display=0.5415 hedge_ratio=0.644061
    2026-03-28 12:37:38,013 INFO [SHORT ADD DEBUG] skip: current short already at/above target
    2026-03-28 12:37:38,013 INFO HEDGE SNAPSHOT event=post_short_rebalance_fill symbol=ONTUSDT ref=0.06503320 long_size=2374.000000 short_size=1529.000000 long_avg=0.06571585 short_avg=0.06536000 spread_gap=0.00035585 spread_pct=0.005415 spread_pct_display=0.5415 hedge_ratio=0.644061
    2026-03-28 12:37:38,013 INFO SPREAD CYCLE UPDATE before_short_add_pct=0.005415 after_short_add_pct=0.005415 after_short_add_pct_display=0.5415 reduction_pct=0.000000 reduction_pct_display=0.0000
    2026-03-28 12:37:38,013 INFO Short rebalance filled: setting next rebuy first, then refreshing exits
    2026-03-28 12:37:38,013 INFO [REBUY DEBUG] distance calc
    2026-03-28 12:37:38,013 INFO [REBUY DEBUG] staging resting rebuy limit
    2026-03-28 12:37:38,013 INFO Preparing short-anchored rebuy limit below market
    2026-03-28 12:37:38,013 INFO [REBUY DEBUG] slippage_check current_price=0.065033 next_rebuy_level=0.064706 slippage=0.000000 slippage_pct=0.0000% max_slippage_pct=0.020000 forced_rebuy=False slippage_ok=True
    2026-03-28 12:37:38,013 INFO [REBUY DEBUG] size calc
    2026-03-28 12:37:38,013 INFO Order qty normalized
    2026-03-28 12:37:38,013 INFO Submitting short-anchored rebuy limit
    2026-03-28 12:37:38,013 INFO TRACE EXECUTE
    2026-03-28 12:37:38,013 INFO [EXEC DEBUG] execute_intent_called tick=None purpose=LONG_REBUY_HEDGE side=long qty=602.000000000000 price=0.0647064 state=normal
    2026-03-28 12:37:38,199 INFO ORDER OBSERVABILITY
    2026-03-28 12:37:38,385 INFO ORDER OBSERVABILITY
    2026-03-28 12:37:38,385 INFO [EXEC DEBUG] limit_submit_prepared purpose=LONG_REBUY_HEDGE side=long qty=602.000000000000 requested_price=0.0647064 submit_price=0.0647064
    2026-03-28 12:37:38,385 INFO [EXEC DEBUG] place_order_called tick=None side=long purpose=LONG_REBUY_HEDGE raw_size=602.000000000000 price=0.0647064
    2026-03-28 12:37:38,385 INFO [EXEC DEBUG] active_intent_check side=long purpose=LONG_REBUY_HEDGE size=602.000000000000 price=0.0647064 has_active_intent=False active_orders=['psrh-LONG-REBUY-HEDGE-154d6e-1774697708089:LONG_REBUY_HEDGE:long:FILLED:480.0']
    2026-03-28 12:37:38,385 INFO [EXEC DEBUG] submitted_orders_check tracking_key=('long', 602.0, 'LONG_REBUY_HEDGE') already_submitted=False submitted_orders=[]
    2026-03-28 12:37:38,385 INFO [EXEC DEBUG] submitted_orders_add tracking_key=('long', 602.0, 'LONG_REBUY_HEDGE') submitted_orders_after=[('long', 602.0, 'LONG_REBUY_HEDGE')]
    2026-03-28 12:37:38,385 INFO [EXEC DEBUG] active_order_created client_id=psrh-LONG-REBUY-HEDGE-d15880-1774697858385 tracking_key=('long', 602.0, 'LONG_REBUY_HEDGE') status=PENDING_SUBMIT active_orders=['psrh-LONG-REBUY-HEDGE-154d6e-1774697708089:LONG_REBUY_HEDGE:long:FILLED:480.0', 'psrh-LONG-REBUY-HEDGE-d15880-1774697858385:LONG_REBUY_HEDGE:long:PENDING_SUBMIT:602.0']
    2026-03-28 12:37:38,385 INFO Order created
    2026-03-28 12:37:38,385 INFO [EXEC DEBUG] place_limit_order_payload client_id=psrh-LONG-REBUY-HEDGE-d15880-1774697858385 side=Buy qty=602.0 price=0.0647064 symbol=ONTUSDT tracking_key=('long', 602.0, 'LONG_REBUY_HEDGE')
    2026-03-28 12:37:38,568 INFO [EXEC DEBUG] place_limit_order_result client_id=psrh-LONG-REBUY-HEDGE-d15880-1774697858385 response_ok=True exchange_id=db5e831b-ed7e-4f80-bf16-282b9a3b5092
    2026-03-28 12:37:38,945 INFO ORDER VERIFIED
    2026-03-28 12:37:38,945 INFO [EXEC DEBUG] submitted_orders_remove client_id=psrh-LONG-REBUY-HEDGE-d15880-1774697858385 key=('long', 602.0, 'LONG_REBUY_HEDGE') side=long qty=602.000000000000 purpose=LONG_REBUY_HEDGE reason=mark_order_filled submitted_orders_after=[]
    2026-03-28 12:37:38,945 INFO FAST FILL DETECTED
    2026-03-28 12:37:39,142 INFO HEDGE SNAPSHOT event=post_long_rebuy_fill_before_short_add symbol=ONTUSDT ref=0.06470640 long_size=2976.000000 short_size=1529.000000 long_avg=0.06549013 short_avg=0.06536000 spread_gap=0.00013013 spread_pct=0.001987 spread_pct_display=0.1987 hedge_ratio=0.513777
    2026-03-28 12:37:39,142 INFO [SHORT ADD DEBUG] skip: hedge ratio already aligned
    2026-03-28 12:37:39,142 INFO HEDGE SNAPSHOT event=post_short_rebalance_fill symbol=ONTUSDT ref=0.06470640 long_size=2976.000000 short_size=1529.000000 long_avg=0.06549013 short_avg=0.06536000 spread_gap=0.00013013 spread_pct=0.001987 spread_pct_display=0.1987 hedge_ratio=0.513777
    2026-03-28 12:37:39,142 INFO SPREAD CYCLE UPDATE before_short_add_pct=0.001987 after_short_add_pct=0.001987 after_short_add_pct_display=0.1987 reduction_pct=0.000000 reduction_pct_display=0.0000
    2026-03-28 12:37:39,142 INFO Short rebalance filled: setting next rebuy first, then refreshing exits
    2026-03-28 12:37:39,142 INFO [REBUY DEBUG] distance calc
    2026-03-28 12:37:39,142 INFO [REBUY DEBUG] staging resting rebuy limit
    2026-03-28 12:37:39,142 INFO Preparing short-anchored rebuy limit below market
    2026-03-28 12:37:39,142 INFO [REBUY DEBUG] slippage_check current_price=0.064706 next_rebuy_level=0.064706 slippage=0.000000 slippage_pct=0.0000% max_slippage_pct=0.020000 forced_rebuy=False slippage_ok=True
    2026-03-28 12:37:39,142 INFO [REBUY DEBUG] size calc
    2026-03-28 12:37:39,142 INFO Order qty normalized
    2026-03-28 12:37:39,142 INFO Submitting short-anchored rebuy limit
    2026-03-28 12:37:39,142 INFO TRACE EXECUTE
    2026-03-28 12:37:39,142 INFO [EXEC DEBUG] execute_intent_called tick=None purpose=LONG_REBUY_HEDGE side=long qty=753.000000000000 price=0.0647064 state=normal
    2026-03-28 12:37:39,251 INFO ORDER VERIFIED
    2026-03-28 12:37:39,251 INFO [EXEC DEBUG] submitted_orders_remove client_id=psrh-LONG-REBUY-HEDGE-d15880-1774697858385 key=('long', 602.0, 'LONG_REBUY_HEDGE') side=long qty=602.000000000000 purpose=LONG_REBUY_HEDGE reason=mark_order_filled submitted_orders_after=[]
    2026-03-28 12:37:39,251 INFO FAST FILL DETECTED
    2026-03-28 12:37:39,327 INFO ORDER OBSERVABILITY
    2026-03-28 12:37:39,437 INFO [EXEC DEBUG] submitted_orders_remove client_id=psrh-LONG-REBUY-HEDGE-d15880-1774697858385 key=('long', 602.0, 'LONG_REBUY_HEDGE') side=long qty=602.000000000000 purpose=LONG_REBUY_HEDGE reason=handle_order_finalized status=FILLED_HANDLED submitted_orders_after=[]
    2026-03-28 12:37:39,437 INFO POSITION UPDATED AFTER FILL
    2026-03-28 12:37:39,841 INFO ORDER OBSERVABILITY
    2026-03-28 12:37:39,841 INFO [EXEC DEBUG] limit_submit_prepared purpose=LONG_REBUY_HEDGE side=long qty=753.000000000000 requested_price=0.0647064 submit_price=0.0647064
    2026-03-28 12:37:39,841 INFO [EXEC DEBUG] place_order_called tick=None side=long purpose=LONG_REBUY_HEDGE raw_size=753.000000000000 price=0.0647064
    2026-03-28 12:37:39,841 INFO [EXEC DEBUG] active_intent_check side=long purpose=LONG_REBUY_HEDGE size=753.000000000000 price=0.0647064 has_active_intent=False active_orders=['psrh-LONG-REBUY-HEDGE-154d6e-1774697708089:LONG_REBUY_HEDGE:long:FILLED:480.0']
    2026-03-28 12:37:39,842 INFO [EXEC DEBUG] submitted_orders_check tracking_key=('long', 753.0, 'LONG_REBUY_HEDGE') already_submitted=False submitted_orders=[]
    2026-03-28 12:37:39,842 INFO [EXEC DEBUG] submitted_orders_add tracking_key=('long', 753.0, 'LONG_REBUY_HEDGE') submitted_orders_after=[('long', 753.0, 'LONG_REBUY_HEDGE')]
    2026-03-28 12:37:39,842 INFO [EXEC DEBUG] active_order_created client_id=psrh-LONG-REBUY-HEDGE-f3a446-1774697859842 tracking_key=('long', 753.0, 'LONG_REBUY_HEDGE') status=PENDING_SUBMIT active_orders=['psrh-LONG-REBUY-HEDGE-154d6e-1774697708089:LONG_REBUY_HEDGE:long:FILLED:480.0', 'psrh-LONG-REBUY-HEDGE-f3a446-1774697859842:LONG_REBUY_HEDGE:long:PENDING_SUBMIT:753.0']
    2026-03-28 12:37:39,842 INFO Order created
    2026-03-28 12:37:39,842 INFO [EXEC DEBUG] place_limit_order_payload client_id=psrh-LONG-REBUY-HEDGE-f3a446-1774697859842 side=Buy qty=753.0 price=0.0647064 symbol=ONTUSDT tracking_key=('long', 753.0, 'LONG_REBUY_HEDGE')
    2026-03-28 12:37:40,024 INFO [EXEC DEBUG] place_limit_order_result client_id=psrh-LONG-REBUY-HEDGE-f3a446-1774697859842 response_ok=True exchange_id=94284723-979c-446a-b1d5-8a4c15f8a543
    2026-03-28 12:37:40,394 INFO ORDER VERIFIED
    2026-03-28 12:37:40,394 INFO [EXEC DEBUG] submitted_orders_remove client_id=psrh-LONG-REBUY-HEDGE-f3a446-1774697859842 key=('long', 753.0, 'LONG_REBUY_HEDGE') side=long qty=753.000000000000 purpose=LONG_REBUY_HEDGE reason=mark_order_filled submitted_orders_after=[]
    2026-03-28 12:37:40,394 INFO FAST FILL DETECTED
    2026-03-28 12:37:40,580 INFO HEDGE SNAPSHOT event=post_long_rebuy_fill_before_short_add symbol=ONTUSDT ref=0.06470640 long_size=3729.000000 short_size=1529.000000 long_avg=0.06529625 short_avg=0.06536000 spread_gap=-0.00006375 spread_pct=-0.000976 spread_pct_display=-0.0976 hedge_ratio=0.410029
    2026-03-28 12:37:40,580 INFO [SHORT ADD DEBUG] rebalance calculation
    2026-03-28 12:37:40,581 INFO Order qty normalized
    2026-03-28 12:37:40,581 INFO [SHORT ADD DEBUG] submitting short rebalance
    2026-03-28 12:37:40,581 INFO Fill-aware hedge follow-up triggered
    2026-03-28 12:37:40,581 INFO TRACE EXECUTE
    2026-03-28 12:37:40,581 INFO [EXEC DEBUG] execute_intent_called tick=None purpose=SHORT_REBALANCE side=short qty=335.000000000000 price=0.0647064 state=normal
    2026-03-28 12:37:40,767 INFO ORDER OBSERVABILITY
    2026-03-28 12:37:40,767 INFO [EXEC DEBUG] submitted_orders_add client_id=pending_market key=('short', 335.0, 'SHORT_REBALANCE') side=short qty=335.000000000000 purpose=SHORT_REBALANCE submitted_orders_after=[('short', 335.0, 'SHORT_REBALANCE')]
    2026-03-28 12:37:40,954 INFO ORDER OBSERVABILITY
    2026-03-28 12:37:41,835 INFO ORDER VERIFIED
    2026-03-28 12:37:41,835 INFO [EXEC DEBUG] submitted_orders_remove client_id=psrh-SHORT-REBALANCE-77fb5f-1774697860767 key=('short', 335.0, 'SHORT_REBALANCE') side=short qty=335.000000000000 purpose=SHORT_REBALANCE reason=mark_order_filled submitted_orders_after=[]
    2026-03-28 12:37:41,835 INFO FAST FILL DETECTED
    2026-03-28 12:37:42,021 INFO HEDGE SNAPSHOT event=post_short_rebalance_fill symbol=ONTUSDT ref=0.06470640 long_size=3729.000000 short_size=1864.000000 long_avg=0.06529625 short_avg=0.06520724 spread_gap=0.00008901 spread_pct=0.001363 spread_pct_display=0.1363 hedge_ratio=0.499866
    2026-03-28 12:37:42,021 INFO SPREAD CYCLE UPDATE before_short_add_pct=-0.000976 after_short_add_pct=0.001363 after_short_add_pct_display=0.1363 reduction_pct=-0.002339 reduction_pct_display=-0.2339
    2026-03-28 12:37:42,021 INFO Short rebalance filled: setting next rebuy first, then refreshing exits
    2026-03-28 12:37:42,021 INFO [REBUY DEBUG] distance calc
    2026-03-28 12:37:42,021 INFO [REBUY DEBUG] staging resting rebuy limit
    2026-03-28 12:37:42,021 INFO Preparing short-anchored rebuy limit below market
    2026-03-28 12:37:42,021 INFO [REBUY DEBUG] slippage_check current_price=0.064706 next_rebuy_level=0.064555 slippage=0.000000 slippage_pct=0.0000% max_slippage_pct=0.020000 forced_rebuy=False slippage_ok=True
    2026-03-28 12:37:42,021 INFO [REBUY DEBUG] size calc
    2026-03-28 12:37:42,021 INFO Order qty normalized
    2026-03-28 12:37:42,021 INFO Submitting short-anchored rebuy limit
    2026-03-28 12:37:42,021 INFO TRACE EXECUTE
    2026-03-28 12:37:42,021 INFO [EXEC DEBUG] execute_intent_called tick=None purpose=LONG_REBUY_HEDGE side=long qty=774.000000000000 price=0.0645551676 state=normal
    2026-03-28 12:37:42,535 INFO ORDER OBSERVABILITY
    2026-03-28 12:37:42,721 INFO ORDER OBSERVABILITY
    2026-03-28 12:37:42,721 INFO [EXEC DEBUG] limit_submit_prepared purpose=LONG_REBUY_HEDGE side=long qty=774.000000000000 requested_price=0.0645551676 submit_price=0.0645551676
    2026-03-28 12:37:42,721 INFO [EXEC DEBUG] place_order_called tick=None side=long purpose=LONG_REBUY_HEDGE raw_size=774.000000000000 price=0.0645551676
    2026-03-28 12:37:42,721 INFO [EXEC DEBUG] active_intent_check side=long purpose=LONG_REBUY_HEDGE size=774.000000000000 price=0.0645551676 has_active_intent=False active_orders=['psrh-LONG-REBUY-HEDGE-154d6e-1774697708089:LONG_REBUY_HEDGE:long:FILLED:480.0', 'psrh-LONG-REBUY-HEDGE-f3a446-1774697859842:LONG_REBUY_HEDGE:long:FILLED:753.0', 'psrh-SHORT-REBALANCE-77fb5f-1774697860767:SHORT_REBALANCE:short:FILLED:335.0']
    2026-03-28 12:37:42,721 INFO [EXEC DEBUG] submitted_orders_check tracking_key=('long', 774.0, 'LONG_REBUY_HEDGE') already_submitted=False submitted_orders=[]
    2026-03-28 12:37:42,721 INFO [EXEC DEBUG] submitted_orders_add tracking_key=('long', 774.0, 'LONG_REBUY_HEDGE') submitted_orders_after=[('long', 774.0, 'LONG_REBUY_HEDGE')]
    2026-03-28 12:37:42,721 INFO [EXEC DEBUG] active_order_created client_id=psrh-LONG-REBUY-HEDGE-e32e0b-1774697862721 tracking_key=('long', 774.0, 'LONG_REBUY_HEDGE') status=PENDING_SUBMIT active_orders=['psrh-LONG-REBUY-HEDGE-154d6e-1774697708089:LONG_REBUY_HEDGE:long:FILLED:480.0', 'psrh-LONG-REBUY-HEDGE-f3a446-1774697859842:LONG_REBUY_HEDGE:long:FILLED:753.0', 'psrh-SHORT-REBALANCE-77fb5f-1774697860767:SHORT_REBALANCE:short:FILLED:335.0', 'psrh-LONG-REBUY-HEDGE-e32e0b-1774697862721:LONG_REBUY_HEDGE:long:PENDING_SUBMIT:774.0']
    2026-03-28 12:37:42,721 INFO Order created
    2026-03-28 12:37:42,721 INFO [EXEC DEBUG] place_limit_order_payload client_id=psrh-LONG-REBUY-HEDGE-e32e0b-1774697862721 side=Buy qty=774.0 price=0.0645551676 symbol=ONTUSDT tracking_key=('long', 774.0, 'LONG_REBUY_HEDGE')
    2026-03-28 12:37:42,904 INFO [EXEC DEBUG] place_limit_order_result client_id=psrh-LONG-REBUY-HEDGE-e32e0b-1774697862721 response_ok=True exchange_id=e28302c7-2777-4823-a6e0-202cf12b9d3c
    2026-03-28 12:37:43,600 INFO ORDER VERIFIED
    2026-03-28 12:37:43,600 INFO [EXEC DEBUG] submitted_orders_remove client_id=psrh-LONG-REBUY-HEDGE-e32e0b-1774697862721 key=('long', 774.0, 'LONG_REBUY_HEDGE') side=long qty=774.000000000000 purpose=LONG_REBUY_HEDGE reason=mark_order_filled submitted_orders_after=[]
    2026-03-28 12:37:43,600 INFO FAST FILL DETECTED
    2026-03-28 12:37:43,785 INFO HEDGE SNAPSHOT event=post_long_rebuy_fill_before_short_add symbol=ONTUSDT ref=0.06455517 long_size=4503.000000 short_size=1864.000000 long_avg=0.06516368 short_avg=0.06520724 spread_gap=-0.00004356 spread_pct=-0.000668 spread_pct_display=-0.0668 hedge_ratio=0.413946
    2026-03-28 12:37:43,785 INFO [SHORT ADD DEBUG] rebalance calculation
    2026-03-28 12:37:43,785 INFO Order qty normalized
    2026-03-28 12:37:43,785 INFO [SHORT ADD DEBUG] submitting short rebalance
    2026-03-28 12:37:43,785 INFO Fill-aware hedge follow-up triggered
    2026-03-28 12:37:43,785 INFO TRACE EXECUTE
    2026-03-28 12:37:43,786 INFO [EXEC DEBUG] execute_intent_called tick=None purpose=SHORT_REBALANCE side=short qty=387.000000000000 price=0.0645551676 state=normal
    2026-03-28 12:37:43,971 INFO ORDER OBSERVABILITY
    2026-03-28 12:37:43,971 INFO [EXEC DEBUG] submitted_orders_add client_id=pending_market key=('short', 387.0, 'SHORT_REBALANCE') side=short qty=387.000000000000 purpose=SHORT_REBALANCE submitted_orders_after=[('short', 387.0, 'SHORT_REBALANCE')]
    2026-03-28 12:37:44,156 INFO ORDER OBSERVABILITY
    2026-03-28 12:37:44,735 INFO ORDER VERIFIED
    2026-03-28 12:37:44,736 INFO [EXEC DEBUG] submitted_orders_remove client_id=psrh-SHORT-REBALANCE-e9babc-1774697863971 key=('short', 387.0, 'SHORT_REBALANCE') side=short qty=387.000000000000 purpose=SHORT_REBALANCE reason=mark_order_filled submitted_orders_after=[]
    2026-03-28 12:37:44,736 INFO FAST FILL DETECTED
    2026-03-28 12:37:45,250 INFO HEDGE SNAPSHOT event=post_short_rebalance_fill symbol=ONTUSDT ref=0.06455517 long_size=4503.000000 short_size=2251.000000 long_avg=0.06516368 short_avg=0.06508908 spread_gap=0.00007460 spread_pct=0.001145 spread_pct_display=0.1145 hedge_ratio=0.499889
    2026-03-28 12:37:45,250 INFO SPREAD CYCLE UPDATE before_short_add_pct=-0.000668 after_short_add_pct=0.001145 after_short_add_pct_display=0.1145 reduction_pct=-0.001813 reduction_pct_display=-0.1813
    2026-03-28 12:37:45,250 INFO Short rebalance filled: setting next rebuy first, then refreshing exits
    2026-03-28 12:37:45,250 INFO [REBUY DEBUG] distance calc
    2026-03-28 12:37:45,250 INFO [REBUY DEBUG] staging resting rebuy limit
    2026-03-28 12:37:45,250 INFO Preparing short-anchored rebuy limit below market
    2026-03-28 12:37:45,250 INFO [REBUY DEBUG] slippage_check current_price=0.064555 next_rebuy_level=0.064438 slippage=0.000000 slippage_pct=0.0000% max_slippage_pct=0.020000 forced_rebuy=False slippage_ok=True
    2026-03-28 12:37:45,250 INFO [REBUY DEBUG] size calc
    2026-03-28 12:37:45,250 INFO Order qty normalized
    2026-03-28 12:37:45,250 INFO Submitting short-anchored rebuy limit
    2026-03-28 12:37:45,250 INFO TRACE EXECUTE
    2026-03-28 12:37:45,250 INFO [EXEC DEBUG] execute_intent_called tick=None purpose=LONG_REBUY_HEDGE side=long qty=775.000000000000 price=0.0644381892 state=normal
    2026-03-28 12:37:45,764 INFO ORDER OBSERVABILITY
    2026-03-28 12:37:46,277 INFO ORDER OBSERVABILITY
    2026-03-28 12:37:46,277 INFO [EXEC DEBUG] limit_submit_prepared purpose=LONG_REBUY_HEDGE side=long qty=775.000000000000 requested_price=0.0644381892 submit_price=0.0644381892
    2026-03-28 12:37:46,277 INFO [EXEC DEBUG] place_order_called tick=None side=long purpose=LONG_REBUY_HEDGE raw_size=775.000000000000 price=0.0644381892
    2026-03-28 12:37:46,277 INFO [EXEC DEBUG] active_intent_check side=long purpose=LONG_REBUY_HEDGE size=775.000000000000 price=0.0644381892 has_active_intent=False active_orders=['psrh-LONG-REBUY-HEDGE-154d6e-1774697708089:LONG_REBUY_HEDGE:long:FILLED:480.0', 'psrh-LONG-REBUY-HEDGE-f3a446-1774697859842:LONG_REBUY_HEDGE:long:FILLED:753.0', 'psrh-SHORT-REBALANCE-77fb5f-1774697860767:SHORT_REBALANCE:short:FILLED:335.0', 'psrh-LONG-REBUY-HEDGE-e32e0b-1774697862721:LONG_REBUY_HEDGE:long:FILLED:774.0', 'psrh-SHORT-REBALANCE-e9babc-1774697863971:SHORT_REBALANCE:short:FILLED:387.0']
    2026-03-28 12:37:46,277 INFO [EXEC DEBUG] submitted_orders_check tracking_key=('long', 775.0, 'LONG_REBUY_HEDGE') already_submitted=False submitted_orders=[]
    2026-03-28 12:37:46,277 INFO [EXEC DEBUG] submitted_orders_add tracking_key=('long', 775.0, 'LONG_REBUY_HEDGE') submitted_orders_after=[('long', 775.0, 'LONG_REBUY_HEDGE')]
    2026-03-28 12:37:46,277 INFO [EXEC DEBUG] active_order_created client_id=psrh-LONG-REBUY-HEDGE-704519-1774697866277 tracking_key=('long', 775.0, 'LONG_REBUY_HEDGE') status=PENDING_SUBMIT active_orders=['psrh-LONG-REBUY-HEDGE-154d6e-1774697708089:LONG_REBUY_HEDGE:long:FILLED:480.0', 'psrh-LONG-REBUY-HEDGE-f3a446-1774697859842:LONG_REBUY_HEDGE:long:FILLED:753.0', 'psrh-SHORT-REBALANCE-77fb5f-1774697860767:SHORT_REBALANCE:short:FILLED:335.0', 'psrh-LONG-REBUY-HEDGE-e32e0b-1774697862721:LONG_REBUY_HEDGE:long:FILLED:774.0', 'psrh-SHORT-REBALANCE-e9babc-1774697863971:SHORT_REBALANCE:short:FILLED:387.0', 'psrh-LONG-REBUY-HEDGE-704519-1774697866277:LONG_REBUY_HEDGE:long:PENDING_SUBMIT:775.0']
    2026-03-28 12:37:46,277 INFO Order created
    2026-03-28 12:37:46,277 INFO [EXEC DEBUG] place_limit_order_payload client_id=psrh-LONG-REBUY-HEDGE-704519-1774697866277 side=Buy qty=775.0 price=0.0644381892 symbol=ONTUSDT tracking_key=('long', 775.0, 'LONG_REBUY_HEDGE')
    2026-03-28 12:37:46,280 INFO Shutdown requested, exiting.
